<?xml version="1.0" encoding="UTF-8"?>
<!DOCTYPE resultset [
    <!ELEMENT resultset (resultsetdata) >
    <!ELEMENT resultsetdata (row)* >
    <!ELEMENT row (column)+ >
    <!ELEMENT column (#PCDATA)>
    <!ATTLIST column
        null (true | false) "false"
        name CDATA #IMPLIED
    >
]>
<resultset>
    <row>
        <column name="Well ID">1</column>
        <column name="Lat/X">32.48943</column>
        <column name="Long/Y">-97.6186</column>
    </row>
    <row>
        <column name="Well ID">100</column>
        <column name="Lat/X">32.499885</column>
        <column name="Long/Y">-97.602997</column>
    </row>
    <row>
        <column name="Well ID">42221311570000</column>
        <column name="Lat/X">32.48939</column>
        <column name="Long/Y">-97.61861</column>
    </row>
    <row>
        <column name="Well ID">42221311580000</column>
        <column name="Lat/X">32.48943</column>
        <column name="Long/Y">-97.6186</column>
    </row>
    <row>
        <column name="Well ID">42221311580009</column>
        <column name="Lat/X">32.48943</column>
        <column name="Long/Y">-97.6186</column>
    </row>
    <row>
        <column name="Well ID">42221311590000</column>
        <column name="Lat/X">32.48947</column>
        <column name="Long/Y">-97.61859</column>
    </row>
    <row>
        <column name="Well ID">42221312450000</column>
        <column name="Lat/X">32.48025</column>
        <column name="Long/Y">-97.61957</column>
    </row>
    <row>
        <column name="Well ID">42221312460000</column>
        <column name="Lat/X">32.480169999999994</column>
        <column name="Long/Y">-97.61957</column>
    </row>
    <row>
        <column name="Well ID">42221312470000</column>
        <column name="Lat/X">32.48021</column>
        <column name="Long/Y">-97.61957</column>
    </row>
    <row>
        <column name="Well ID">42221313040000</column>
        <column name="Lat/X">32.51024999999999</column>
        <column name="Long/Y">-97.62006</column>
    </row>
    <row>
        <column name="Well ID">42221313050000</column>
        <column name="Lat/X">32.51028999999999</column>
        <column name="Long/Y">-97.62006</column>
    </row>
    <row>
        <column name="Well ID">42221313770000</column>
        <column name="Lat/X">32.50885</column>
        <column name="Long/Y">-97.63386</column>
    </row>
    <row>
        <column name="Well ID">42221313780000</column>
        <column name="Lat/X">32.50888</column>
        <column name="Long/Y">-97.63384</column>
    </row>
    <row>
        <column name="Well ID">42221314730000</column>
        <column name="Lat/X">32.46526</column>
        <column name="Long/Y">-97.62051</column>
    </row>
    <row>
        <column name="Well ID">42221314740000</column>
        <column name="Lat/X">32.46526</column>
        <column name="Long/Y">-97.62047</column>
    </row>
    <row>
        <column name="Well ID">42221316750000</column>
        <column name="Lat/X">32.510296</column>
        <column name="Long/Y">-97.619989</column>
    </row>
    <row>
        <column name="Well ID">42251311140000</column>
        <column name="Lat/X">32.4601</column>
        <column name="Long/Y">-97.57454</column>
    </row>
    <row>
        <column name="Well ID">42251311140009</column>
        <column name="Lat/X">32.4601</column>
        <column name="Long/Y">-97.57454</column>
    </row>
    <row>
        <column name="Well ID">42251311170000</column>
        <column name="Lat/X">32.4601</column>
        <column name="Long/Y">-97.57464</column>
    </row>
    <row>
        <column name="Well ID">42251311180000</column>
        <column name="Lat/X">32.4601</column>
        <column name="Long/Y">-97.57459000000001</column>
    </row>
    <row>
        <column name="Well ID">42251312110000</column>
        <column name="Lat/X">32.45505</column>
        <column name="Long/Y">-97.58275000000002</column>
    </row>
    <row>
        <column name="Well ID">42251312120000</column>
        <column name="Lat/X">32.4551</column>
        <column name="Long/Y">-97.58275000000002</column>
    </row>
    <row>
        <column name="Well ID">42251312130000</column>
        <column name="Lat/X">32.45514</column>
        <column name="Long/Y">-97.58275000000002</column>
    </row>
    <row>
        <column name="Well ID">42251312720000</column>
        <column name="Lat/X">32.48951999999999</column>
        <column name="Long/Y">-97.58526</column>
    </row>
    <row>
        <column name="Well ID">42251312730000</column>
        <column name="Lat/X">32.48951999999999</column>
        <column name="Long/Y">-97.58521</column>
    </row>
    <row>
        <column name="Well ID">42251312740000</column>
        <column name="Lat/X">32.48951999999999</column>
        <column name="Long/Y">-97.58516</column>
    </row>
    <row>
        <column name="Well ID">42251312830000</column>
        <column name="Lat/X">32.49099</column>
        <column name="Long/Y">-97.60329</column>
    </row>
    <row>
        <column name="Well ID">42251312840000</column>
        <column name="Lat/X">32.49101</column>
        <column name="Long/Y">-97.60325</column>
    </row>
    <row>
        <column name="Well ID">42251312850000</column>
        <column name="Lat/X">32.49099</column>
        <column name="Long/Y">-97.60315000000001</column>
    </row>
    <row>
        <column name="Well ID">42251313980000</column>
        <column name="Lat/X">32.46419</column>
        <column name="Long/Y">-97.58862</column>
    </row>
    <row>
        <column name="Well ID">42251313990000</column>
        <column name="Lat/X">32.46414</column>
        <column name="Long/Y">-97.58870000000002</column>
    </row>
    <row>
        <column name="Well ID">42251314040000</column>
        <column name="Lat/X">32.46416</column>
        <column name="Long/Y">-97.58866</column>
    </row>
    <row>
        <column name="Well ID">42251314210000</column>
        <column name="Lat/X">32.48933999999999</column>
        <column name="Long/Y">-97.59541</column>
    </row>
    <row>
        <column name="Well ID">42251314220000</column>
        <column name="Lat/X">32.48933999999999</column>
        <column name="Long/Y">-97.59546</column>
    </row>
    <row>
        <column name="Well ID">42251314230000</column>
        <column name="Lat/X">32.48933999999999</column>
        <column name="Long/Y">-97.59551</column>
    </row>
    <row>
        <column name="Well ID">42251314500000</column>
        <column name="Lat/X">32.47138999999999</column>
        <column name="Long/Y">-97.61168</column>
    </row>
    <row>
        <column name="Well ID">42251314510000</column>
        <column name="Lat/X">32.47135</column>
        <column name="Long/Y">-97.61167000000002</column>
    </row>
    <row>
        <column name="Well ID">42251314980000</column>
        <column name="Lat/X">32.44805</column>
        <column name="Long/Y">-97.61472</column>
    </row>
    <row>
        <column name="Well ID">42251315070000</column>
        <column name="Lat/X">32.44805</column>
        <column name="Long/Y">-97.61476</column>
    </row>
    <row>
        <column name="Well ID">42251315090000</column>
        <column name="Lat/X">32.44805</column>
        <column name="Long/Y">-97.61486</column>
    </row>
    <row>
        <column name="Well ID">42251315090009</column>
        <column name="Lat/X">32.44805</column>
        <column name="Long/Y">-97.61486</column>
    </row>
    <row>
        <column name="Well ID">42251315140000</column>
        <column name="Lat/X">32.44805</column>
        <column name="Long/Y">-97.61481</column>
    </row>
    <row>
        <column name="Well ID">42251316310000</column>
        <column name="Lat/X">32.45313999999999</column>
        <column name="Long/Y">-97.60251</column>
    </row>
    <row>
        <column name="Well ID">42251316330000</column>
        <column name="Lat/X">32.4531</column>
        <column name="Long/Y">-97.60248</column>
    </row>
    <row>
        <column name="Well ID">42251317550000</column>
        <column name="Lat/X">32.4532</column>
        <column name="Long/Y">-97.60256</column>
    </row>
    <row>
        <column name="Well ID">42251317560000</column>
        <column name="Lat/X">32.45316999999999</column>
        <column name="Long/Y">-97.60254000000002</column>
    </row>
    <row>
        <column name="Well ID">42251318990000</column>
        <column name="Lat/X">32.48946000000001</column>
        <column name="Long/Y">-97.58940999999999</column>
    </row>
    <row>
        <column name="Well ID">42251319020000</column>
        <column name="Lat/X">32.48946000000001</column>
        <column name="Long/Y">-97.58931</column>
    </row>
    <row>
        <column name="Well ID">42251319460000</column>
        <column name="Lat/X">32.44886999999999</column>
        <column name="Long/Y">-97.60220999999999</column>
    </row>
    <row>
        <column name="Well ID">42251319500000</column>
        <column name="Lat/X">32.4489</column>
        <column name="Long/Y">-97.60218</column>
    </row>
    <row>
        <column name="Well ID">42251320310000</column>
        <column name="Lat/X">32.46016</column>
        <column name="Long/Y">-97.57459000000001</column>
    </row>
    <row>
        <column name="Well ID">42251320320000</column>
        <column name="Lat/X">32.46016</column>
        <column name="Long/Y">-97.57454</column>
    </row>
    <row>
        <column name="Well ID">42251321710000</column>
        <column name="Lat/X">32.44926000000001</column>
        <column name="Long/Y">-97.59244999999999</column>
    </row>
    <row>
        <column name="Well ID">42251321830000</column>
        <column name="Lat/X">32.47055</column>
        <column name="Long/Y">-97.57261</column>
    </row>
    <row>
        <column name="Well ID">42251322170000</column>
        <column name="Lat/X">32.44422</column>
        <column name="Long/Y">-97.61459</column>
    </row>
    <row>
        <column name="Well ID">42251322180000</column>
        <column name="Lat/X">32.44426</column>
        <column name="Long/Y">-97.61459999999998</column>
    </row>
    <row>
        <column name="Well ID">42251322980000</column>
        <column name="Lat/X">32.46411</column>
        <column name="Long/Y">-97.58873</column>
    </row>
    <row>
        <column name="Well ID">42251322990000</column>
        <column name="Lat/X">32.46406</column>
        <column name="Long/Y">-97.5888</column>
    </row>
    <row>
        <column name="Well ID">42251323250000</column>
        <column name="Lat/X">32.49094</column>
        <column name="Long/Y">-97.60332</column>
    </row>
    <row>
        <column name="Well ID">42251323260000</column>
        <column name="Lat/X">32.49094</column>
        <column name="Long/Y">-97.60332</column>
    </row>
    <row>
        <column name="Well ID">42251323310000</column>
        <column name="Lat/X">32.451913999999995</column>
        <column name="Long/Y">-97.592883</column>
    </row>
    <row>
        <column name="Well ID">42251323320000</column>
        <column name="Lat/X">32.451996</column>
        <column name="Long/Y">-97.592868</column>
    </row>
    <row>
        <column name="Well ID">42251323330000</column>
        <column name="Lat/X">32.451955</column>
        <column name="Long/Y">-97.5928</column>
    </row>
    <row>
        <column name="Well ID">42251323640000</column>
        <column name="Lat/X">32.46007</column>
        <column name="Long/Y">-97.58303</column>
    </row>
    <row>
        <column name="Well ID">42251323650000</column>
        <column name="Lat/X">32.46010999999999</column>
        <column name="Long/Y">-97.58303</column>
    </row>
    <row>
        <column name="Well ID">42251323670000</column>
        <column name="Lat/X">32.49885</column>
        <column name="Long/Y">-97.612319</column>
    </row>
    <row>
        <column name="Well ID">42251323680000</column>
        <column name="Lat/X">32.498819</column>
        <column name="Long/Y">-97.61235</column>
    </row>
    <row>
        <column name="Well ID">42251323720000</column>
        <column name="Lat/X">32.498787</column>
        <column name="Long/Y">-97.61238100000001</column>
    </row>
    <row>
        <column name="Well ID">42251323730000</column>
        <column name="Lat/X">32.498756</column>
        <column name="Long/Y">-97.612413</column>
    </row>
    <row>
        <column name="Well ID">42251323750000</column>
        <column name="Lat/X">32.498724</column>
        <column name="Long/Y">-97.61244399999998</column>
    </row>
    <row>
        <column name="Well ID">42251323790000</column>
        <column name="Lat/X">32.482272</column>
        <column name="Long/Y">-97.60841</column>
    </row>
    <row>
        <column name="Well ID">42251323800000</column>
        <column name="Lat/X">32.482272</column>
        <column name="Long/Y">-97.608508</column>
    </row>
    <row>
        <column name="Well ID">42251323810000</column>
        <column name="Lat/X">32.482272</column>
        <column name="Long/Y">-97.608459</column>
    </row>
    <row>
        <column name="Well ID">42251323870000</column>
        <column name="Lat/X">32.442074</column>
        <column name="Long/Y">-97.603181</column>
    </row>
    <row>
        <column name="Well ID">42251323880000</column>
        <column name="Lat/X">32.442115</column>
        <column name="Long/Y">-97.60318200000002</column>
    </row>
    <row>
        <column name="Well ID">42251324940000</column>
        <column name="Lat/X">32.470524</column>
        <column name="Long/Y">-97.572669</column>
    </row>
    <row>
        <column name="Well ID">42251324950000</column>
        <column name="Lat/X">32.47055</column>
        <column name="Long/Y">-97.57251</column>
    </row>
    <row>
        <column name="Well ID">42251325200000</column>
        <column name="Lat/X">32.479145</column>
        <column name="Long/Y">-97.611253</column>
    </row>
    <row>
        <column name="Well ID">42251329670000</column>
        <column name="Lat/X">32.50925899999999</column>
        <column name="Long/Y">-97.607952</column>
    </row>
    <row>
        <column name="Well ID">42251329680000</column>
        <column name="Lat/X">32.509342</column>
        <column name="Long/Y">-97.607952</column>
    </row>
    <row>
        <column name="Well ID">42251329690000</column>
        <column name="Lat/X">32.5093</column>
        <column name="Long/Y">-97.607952</column>
    </row>
    <row>
        <column name="Well ID">42251330440000</column>
        <column name="Lat/X">32.461825</column>
        <column name="Long/Y">-97.56927600000002</column>
    </row>
    <row>
        <column name="Well ID">42251330640000</column>
        <column name="Lat/X">32.46186600000001</column>
        <column name="Long/Y">-97.56927600000002</column>
    </row>
    <row>
        <column name="Well ID">42251331020000</column>
        <column name="Lat/X">32.489393</column>
        <column name="Long/Y">-97.595465</column>
    </row>
    <row>
        <column name="Well ID">42251331030000</column>
        <column name="Lat/X">32.461907</column>
        <column name="Long/Y">-97.569275</column>
    </row>
    <row>
        <column name="Well ID">42251331040000</column>
        <column name="Lat/X">32.46194800000001</column>
        <column name="Long/Y">-97.569275</column>
    </row>
    <row>
        <column name="Well ID">auto pad well</column>
        <column name="Lat/X">32.457477</column>
        <column name="Long/Y">-97.600108</column>
    </row>
    <row>
        <column name="Well ID">pad1 1</column>
        <column name="Lat/X">32.478659</column>
        <column name="Long/Y">-97.588965</column>
    </row>
    <row>
        <column name="Well ID">pad1 5</column>
        <column name="Lat/X">32.478727</column>
        <column name="Long/Y">-97.588968</column>
    </row>
    <row>
        <column name="Well ID">WP edited well</column>
        <column name="Lat/X">32.4796</column>
        <column name="Long/Y">-97.603634</column>
    </row>
</resultset>
